2026-07-03 20:57:03.588 xcodebuild[60533:5320337] DVTCoreDeviceEnabledState: DVTCoreDeviceEnabledState_Disabled set via user default (DVTEnableCoreDevice=disabled)
Command line invocation:
    /Applications/Xcode.app/Contents/Developer/usr/bin/xcodebuild build -project Push.xcodeproj -scheme Push

User defaults from command line:
    IDEPackageSupportUseBuiltinSCM = YES

--- xcodebuild: WARNING: Using the first of multiple matching destinations:
{ platform:macOS, arch:arm64, variant:Designed for [iPad,iPhone], id:00006020-001009891ED3C01E }
{ platform:iOS, id:dvtdevice-DVTiPhonePlaceholder-iphoneos:placeholder, name:Any iOS Device }
{ platform:iOS Simulator, id:dvtdevice-DVTiOSDeviceSimulatorPlaceholder-iphonesimulator:placeholder, name:Any iOS Simulator Device }
{ platform:iOS Simulator, id:D6D2C58A-3D59-42CE-A58F-3F2B89AA8791, OS:16.4, name:iPad (10th generation) }
{ platform:iOS Simulator, id:D6D2C58A-3D59-42CE-A58F-3F2B89AA8791, OS:16.4, name:iPad (10th generation) }
{ platform:iOS Simulator, id:BB932C9F-79D8-4168-BB4D-E0C8277D65CF, OS:16.4, name:iPad Air (5th generation) }
{ platform:iOS Simulator, id:BB932C9F-79D8-4168-BB4D-E0C8277D65CF, OS:16.4, name:iPad Air (5th generation) }
{ platform:iOS Simulator, id:31A328D6-3B54-4404-94A0-66B3A81A26CC, OS:16.4, name:iPad Pro (11-inch) (4th generation) }
{ platform:iOS Simulator, id:31A328D6-3B54-4404-94A0-66B3A81A26CC, OS:16.4, name:iPad Pro (11-inch) (4th generation) }
{ platform:iOS Simulator, id:15D6F1E8-3309-4065-8F81-08F59B35D15E, OS:16.4, name:iPad Pro (12.9-inch) (6th generation) }
{ platform:iOS Simulator, id:15D6F1E8-3309-4065-8F81-08F59B35D15E, OS:16.4, name:iPad Pro (12.9-inch) (6th generation) }
{ platform:iOS Simulator, id:C8002367-B9BD-490C-84F3-B155CBBF94C3, OS:16.4, name:iPad mini (6th generation) }
{ platform:iOS Simulator, id:C8002367-B9BD-490C-84F3-B155CBBF94C3, OS:16.4, name:iPad mini (6th generation) }
{ platform:iOS Simulator, id:B82C9E3A-2845-4737-B890-C6BF85E1EF0F, OS:16.4, name:iPhone 14 }
{ platform:iOS Simulator, id:B82C9E3A-2845-4737-B890-C6BF85E1EF0F, OS:16.4, name:iPhone 14 }
{ platform:iOS Simulator, id:373279D3-823B-4B16-8852-C413DB074940, OS:16.4, name:iPhone 14 Plus }
{ platform:iOS Simulator, id:373279D3-823B-4B16-8852-C413DB074940, OS:16.4, name:iPhone 14 Plus }
{ platform:iOS Simulator, id:B76A2AB1-BC5E-48C9-BE35-165D1924124A, OS:16.4, name:iPhone 14 Pro }
{ platform:iOS Simulator, id:B76A2AB1-BC5E-48C9-BE35-165D1924124A, OS:16.4, name:iPhone 14 Pro }
{ platform:iOS Simulator, id:4260E009-3345-4F22-ACEE-6FF58E200102, OS:16.4, name:iPhone 14 Pro Max }
{ platform:iOS Simulator, id:4260E009-3345-4F22-ACEE-6FF58E200102, OS:16.4, name:iPhone 14 Pro Max }
{ platform:iOS Simulator, id:98A3FB97-F050-45C7-9CC3-9D4E84717515, OS:16.4, name:iPhone SE (3rd generation) }
{ platform:iOS Simulator, id:98A3FB97-F050-45C7-9CC3-9D4E84717515, OS:16.4, name:iPhone SE (3rd generation) }
Prepare packages

Computing target dependency graph and provisioning inputs
2026-07-03 20:57:04.045 xcodebuild[60533:5320401]  DVTPortal: Service '<DVTPortalViewDeveloperService: 0x12d2222a0; action='viewDeveloper'>' encountered an unexpected result code from the portal ('1100')
2026-07-03 20:57:04.045 xcodebuild[60533:5320401]  DVTPortal: Error:
Error Domain=DVTPortalServiceErrorDomain Code=1100 "Your session has expired. Please log in." UserInfo={payload={
    creationTimestamp = "2026-07-04T03:57:04Z";
    httpCode = 200;
    protocolVersion = QH65B2;
    requestUrl = "https://developerservices2.apple.com/services/QH65B2/viewDeveloper.action";
    responseId = "43e6d126-c33c-4da9-b1d5-5f8012023e52";
    resultCode = 1100;
    resultString = "Your session has expired. Please log in.";
    userLocale = "en_US";
    userString = "Your session has expired. Please log in.";
}, NSLocalizedDescription=Your session has expired. Please log in.}

Create build description

note: Building targets in dependency order
error: unable to attach DB: error: accessing build database "/Users/manavkhanvilkar/Library/Developer/Xcode/DerivedData/Push-dfrdtguszywaiphjcpzogwlfdfaa/Build/Intermediates.noindex/XCBuildData/build.db": database is locked Possibly there are two concurrent builds running in the same filesystem location.
** BUILD FAILED **

